{"synthetic": false,
 "schemaVersion": "2025-09-10",
 "outputs":
 {"o": ["1ef58fca5bbee971.olean"],
  "i": "7438a3af3e3fc06c.ilean",
  "c": "38469c30c5e5de69.c"},
 "log":
 [{"message":
   ".> LEAN_PATH=/Users/l25-n05917-res/ResearchCode/firmsAgents/lean/.lake/packages/Cli/.lake/build/lib/lean:/Users/l25-n05917-res/ResearchCode/firmsAgents/lean/.lake/packages/batteries/.lake/build/lib/lean:/Users/l25-n05917-res/ResearchCode/firmsAgents/lean/.lake/packages/Qq/.lake/build/lib/lean:/Users/l25-n05917-res/ResearchCode/firmsAgents/lean/.lake/packages/aesop/.lake/build/lib/lean:/Users/l25-n05917-res/ResearchCode/firmsAgents/lean/.lake/packages/proofwidgets/.lake/build/lib/lean:/Users/l25-n05917-res/ResearchCode/firmsAgents/lean/.lake/packages/importGraph/.lake/build/lib/lean:/Users/l25-n05917-res/ResearchCode/firmsAgents/lean/.lake/packages/LeanSearchClient/.lake/build/lib/lean:/Users/l25-n05917-res/ResearchCode/firmsAgents/lean/.lake/packages/plausible/.lake/build/lib/lean:/Users/l25-n05917-res/ResearchCode/firmsAgents/lean/.lake/packages/Gametheory/.lake/build/lib/lean:/Users/l25-n05917-res/ResearchCode/firmsAgents/lean/.lake/packages/mathlib/.lake/build/lib/lean:/Users/l25-n05917-res/ResearchCode/firmsAgents/lean/.lake/build/lib/lean /Users/l25-n05917-res/.elan/toolchains/leanprover--lean4---v4.29.0/bin/lean /Users/l25-n05917-res/ResearchCode/firmsAgents/lean/AgenticAxtell/Approximation/ChainStructure.lean -o /Users/l25-n05917-res/ResearchCode/firmsAgents/lean/.lake/build/lib/lean/AgenticAxtell/Approximation/ChainStructure.olean -i /Users/l25-n05917-res/ResearchCode/firmsAgents/lean/.lake/build/lib/lean/AgenticAxtell/Approximation/ChainStructure.ilean -c /Users/l25-n05917-res/ResearchCode/firmsAgents/lean/.lake/build/ir/AgenticAxtell/Approximation/ChainStructure.c --setup /Users/l25-n05917-res/ResearchCode/firmsAgents/lean/.lake/build/ir/AgenticAxtell/Approximation/ChainStructure.setup.json --json",
   "level": "trace"}],
 "inputs":
 [["AgenticAxtell.Approximation.ChainStructure:deps",
   [["deps",
     [["AgenticAxtell/AgenticAxtell:extraDep",
       [["@AgenticAxtell:extraDep", "00000000000006bb"]]],
      ["imports",
       [["AgenticAxtell.Approximation.Stationary transitive imports (legacy)",
         "5b456010d7ee75a6"],
        ["AgenticAxtell.Approximation.Stationary:importAllArts",
         "0962a2a3ad6f898c"]]]]],
    ["libs",
     [["import dynlibs", "00000000000006bb"],
      ["package external libraries", "00000000000006bb"],
      ["module dynlibs", "00000000000006bb"],
      ["module plugins", "00000000000006bb"]]]]],
  ["Lean 4.29.0, commit 98dc76e3c0a9b856c9b98726b713fb04fab16740",
   "60bb08ef22408c8a"],
  ["/Users/l25-n05917-res/ResearchCode/firmsAgents/lean/AgenticAxtell/Approximation/ChainStructure.lean",
   "efdd847188e9022b"],
  ["options", "00000000000006bb"],
  ["isModule: false", "feefd2a0d3a1847e"],
  ["Module.name: AgenticAxtell.Approximation.ChainStructure",
   "578cc263ea874830"],
  ["Package.id?: (some AgenticAxtell)", "62f945e5bb481502"],
  ["Module.leanArgs: #[]", "00000000000006bb"]],
 "depHash": "e5ae88706cfaba2a"}