{"synthetic": false,
 "schemaVersion": "2025-09-10",
 "outputs":
 {"o": ["0eb9035eac4de2d6.olean"],
  "i": "5793c20f79642f1a.ilean",
  "c": "be1bdde32f886800.c"},
 "log":
 [{"message":
   ".> LEAN_PATH=/Users/l25-n05917-res/ResearchCode/firmsAgents/lean/.lake/packages/Cli/.lake/build/lib/lean:/Users/l25-n05917-res/ResearchCode/firmsAgents/lean/.lake/packages/batteries/.lake/build/lib/lean:/Users/l25-n05917-res/ResearchCode/firmsAgents/lean/.lake/packages/Qq/.lake/build/lib/lean:/Users/l25-n05917-res/ResearchCode/firmsAgents/lean/.lake/packages/aesop/.lake/build/lib/lean:/Users/l25-n05917-res/ResearchCode/firmsAgents/lean/.lake/packages/proofwidgets/.lake/build/lib/lean:/Users/l25-n05917-res/ResearchCode/firmsAgents/lean/.lake/packages/importGraph/.lake/build/lib/lean:/Users/l25-n05917-res/ResearchCode/firmsAgents/lean/.lake/packages/LeanSearchClient/.lake/build/lib/lean:/Users/l25-n05917-res/ResearchCode/firmsAgents/lean/.lake/packages/plausible/.lake/build/lib/lean:/Users/l25-n05917-res/ResearchCode/firmsAgents/lean/.lake/packages/Gametheory/.lake/build/lib/lean:/Users/l25-n05917-res/ResearchCode/firmsAgents/lean/.lake/packages/mathlib/.lake/build/lib/lean:/Users/l25-n05917-res/ResearchCode/firmsAgents/lean/.lake/build/lib/lean /Users/l25-n05917-res/.elan/toolchains/leanprover--lean4---v4.29.0/bin/lean /Users/l25-n05917-res/ResearchCode/firmsAgents/lean/AgenticAxtell/Approximation/FiniteTransition.lean -o /Users/l25-n05917-res/ResearchCode/firmsAgents/lean/.lake/build/lib/lean/AgenticAxtell/Approximation/FiniteTransition.olean -i /Users/l25-n05917-res/ResearchCode/firmsAgents/lean/.lake/build/lib/lean/AgenticAxtell/Approximation/FiniteTransition.ilean -c /Users/l25-n05917-res/ResearchCode/firmsAgents/lean/.lake/build/ir/AgenticAxtell/Approximation/FiniteTransition.c --setup /Users/l25-n05917-res/ResearchCode/firmsAgents/lean/.lake/build/ir/AgenticAxtell/Approximation/FiniteTransition.setup.json --json",
   "level": "trace"}],
 "inputs":
 [["AgenticAxtell.Approximation.FiniteTransition:deps",
   [["deps",
     [["AgenticAxtell/AgenticAxtell:extraDep",
       [["@AgenticAxtell:extraDep", "00000000000006bb"]]],
      ["imports",
       [["AgenticAxtell.Approximation.FiniteState transitive imports (legacy)",
         "e604f5556b93ab4b"],
        ["AgenticAxtell.Approximation.FiniteState:importAllArts",
         "b8409280430b613b"]]]]],
    ["libs",
     [["import dynlibs", "00000000000006bb"],
      ["package external libraries", "00000000000006bb"],
      ["module dynlibs", "00000000000006bb"],
      ["module plugins", "00000000000006bb"]]]]],
  ["Lean 4.29.0, commit 98dc76e3c0a9b856c9b98726b713fb04fab16740",
   "60bb08ef22408c8a"],
  ["/Users/l25-n05917-res/ResearchCode/firmsAgents/lean/AgenticAxtell/Approximation/FiniteTransition.lean",
   "ce3ad6d9d0b6d882"],
  ["options", "00000000000006bb"],
  ["isModule: false", "feefd2a0d3a1847e"],
  ["Module.name: AgenticAxtell.Approximation.FiniteTransition",
   "94c80c69bec5bb8e"],
  ["Package.id?: (some AgenticAxtell)", "62f945e5bb481502"],
  ["Module.leanArgs: #[]", "00000000000006bb"]],
 "depHash": "612a6ce95f096df6"}