{"synthetic": false,
 "schemaVersion": "2025-09-10",
 "outputs":
 {"o": ["866a99c0d5d7f8a0.olean"],
  "i": "e9c59080b80e8618.ilean",
  "c": "3d0c7279fd1d44cd.c"},
 "log":
 [{"message":
   ".> LEAN_PATH=/Users/l25-n05917-res/ResearchCode/firmsAgents/lean/.lake/packages/Cli/.lake/build/lib/lean:/Users/l25-n05917-res/ResearchCode/firmsAgents/lean/.lake/packages/batteries/.lake/build/lib/lean:/Users/l25-n05917-res/ResearchCode/firmsAgents/lean/.lake/packages/Qq/.lake/build/lib/lean:/Users/l25-n05917-res/ResearchCode/firmsAgents/lean/.lake/packages/aesop/.lake/build/lib/lean:/Users/l25-n05917-res/ResearchCode/firmsAgents/lean/.lake/packages/proofwidgets/.lake/build/lib/lean:/Users/l25-n05917-res/ResearchCode/firmsAgents/lean/.lake/packages/importGraph/.lake/build/lib/lean:/Users/l25-n05917-res/ResearchCode/firmsAgents/lean/.lake/packages/LeanSearchClient/.lake/build/lib/lean:/Users/l25-n05917-res/ResearchCode/firmsAgents/lean/.lake/packages/plausible/.lake/build/lib/lean:/Users/l25-n05917-res/ResearchCode/firmsAgents/lean/.lake/packages/Gametheory/.lake/build/lib/lean:/Users/l25-n05917-res/ResearchCode/firmsAgents/lean/.lake/packages/mathlib/.lake/build/lib/lean:/Users/l25-n05917-res/ResearchCode/firmsAgents/lean/.lake/build/lib/lean /Users/l25-n05917-res/.elan/toolchains/leanprover--lean4---v4.29.0/bin/lean /Users/l25-n05917-res/ResearchCode/firmsAgents/lean/AgenticAxtell/Approximation/FiniteObservables.lean -o /Users/l25-n05917-res/ResearchCode/firmsAgents/lean/.lake/build/lib/lean/AgenticAxtell/Approximation/FiniteObservables.olean -i /Users/l25-n05917-res/ResearchCode/firmsAgents/lean/.lake/build/lib/lean/AgenticAxtell/Approximation/FiniteObservables.ilean -c /Users/l25-n05917-res/ResearchCode/firmsAgents/lean/.lake/build/ir/AgenticAxtell/Approximation/FiniteObservables.c --setup /Users/l25-n05917-res/ResearchCode/firmsAgents/lean/.lake/build/ir/AgenticAxtell/Approximation/FiniteObservables.setup.json --json",
   "level": "trace"}],
 "inputs":
 [["AgenticAxtell.Approximation.FiniteObservables:deps",
   [["deps",
     [["AgenticAxtell/AgenticAxtell:extraDep",
       [["@AgenticAxtell:extraDep", "00000000000006bb"]]],
      ["imports",
       [["AgenticAxtell.Approximation.FiniteDynamics transitive imports (legacy)",
         "68e8a5bc87bd3a26"],
        ["AgenticAxtell.Approximation.FiniteDynamics:importAllArts",
         "e76b74e53ad54736"]]]]],
    ["libs",
     [["import dynlibs", "00000000000006bb"],
      ["package external libraries", "00000000000006bb"],
      ["module dynlibs", "00000000000006bb"],
      ["module plugins", "00000000000006bb"]]]]],
  ["Lean 4.29.0, commit 98dc76e3c0a9b856c9b98726b713fb04fab16740",
   "60bb08ef22408c8a"],
  ["/Users/l25-n05917-res/ResearchCode/firmsAgents/lean/AgenticAxtell/Approximation/FiniteObservables.lean",
   "eb4439ed0706b622"],
  ["options", "00000000000006bb"],
  ["isModule: false", "feefd2a0d3a1847e"],
  ["Module.name: AgenticAxtell.Approximation.FiniteObservables",
   "c16cbebf3e3d4382"],
  ["Package.id?: (some AgenticAxtell)", "62f945e5bb481502"],
  ["Module.leanArgs: #[]", "00000000000006bb"]],
 "depHash": "d861b9b3abe90432"}