{"synthetic": false,
 "schemaVersion": "2025-09-10",
 "outputs":
 {"o": ["35a40160eb100f5a.olean"],
  "i": "cb5874d2e3bac73a.ilean",
  "c": "6c2162494a83e817.c"},
 "log":
 [{"message":
   ".> LEAN_PATH=/Users/l25-n05917-res/ResearchCode/firmsAgents/lean/.lake/packages/Cli/.lake/build/lib/lean:/Users/l25-n05917-res/ResearchCode/firmsAgents/lean/.lake/packages/batteries/.lake/build/lib/lean:/Users/l25-n05917-res/ResearchCode/firmsAgents/lean/.lake/packages/Qq/.lake/build/lib/lean:/Users/l25-n05917-res/ResearchCode/firmsAgents/lean/.lake/packages/aesop/.lake/build/lib/lean:/Users/l25-n05917-res/ResearchCode/firmsAgents/lean/.lake/packages/proofwidgets/.lake/build/lib/lean:/Users/l25-n05917-res/ResearchCode/firmsAgents/lean/.lake/packages/importGraph/.lake/build/lib/lean:/Users/l25-n05917-res/ResearchCode/firmsAgents/lean/.lake/packages/LeanSearchClient/.lake/build/lib/lean:/Users/l25-n05917-res/ResearchCode/firmsAgents/lean/.lake/packages/plausible/.lake/build/lib/lean:/Users/l25-n05917-res/ResearchCode/firmsAgents/lean/.lake/packages/Gametheory/.lake/build/lib/lean:/Users/l25-n05917-res/ResearchCode/firmsAgents/lean/.lake/packages/mathlib/.lake/build/lib/lean:/Users/l25-n05917-res/ResearchCode/firmsAgents/lean/.lake/build/lib/lean /Users/l25-n05917-res/.elan/toolchains/leanprover--lean4---v4.29.0/bin/lean /Users/l25-n05917-res/ResearchCode/firmsAgents/lean/AgenticAxtell/Approximation/FiniteDynamics.lean -o /Users/l25-n05917-res/ResearchCode/firmsAgents/lean/.lake/build/lib/lean/AgenticAxtell/Approximation/FiniteDynamics.olean -i /Users/l25-n05917-res/ResearchCode/firmsAgents/lean/.lake/build/lib/lean/AgenticAxtell/Approximation/FiniteDynamics.ilean -c /Users/l25-n05917-res/ResearchCode/firmsAgents/lean/.lake/build/ir/AgenticAxtell/Approximation/FiniteDynamics.c --setup /Users/l25-n05917-res/ResearchCode/firmsAgents/lean/.lake/build/ir/AgenticAxtell/Approximation/FiniteDynamics.setup.json --json",
   "level": "trace"}],
 "inputs":
 [["AgenticAxtell.Approximation.FiniteDynamics:deps",
   [["deps",
     [["AgenticAxtell/AgenticAxtell:extraDep",
       [["@AgenticAxtell:extraDep", "00000000000006bb"]]],
      ["imports",
       [["AgenticAxtell.Approximation.FiniteKernel transitive imports (legacy)",
         "d4158b140c36bb6c"],
        ["AgenticAxtell.Approximation.FiniteKernel:importAllArts",
         "b7a72a2c9b1dd05d"]]]]],
    ["libs",
     [["import dynlibs", "00000000000006bb"],
      ["package external libraries", "00000000000006bb"],
      ["module dynlibs", "00000000000006bb"],
      ["module plugins", "00000000000006bb"]]]]],
  ["Lean 4.29.0, commit 98dc76e3c0a9b856c9b98726b713fb04fab16740",
   "60bb08ef22408c8a"],
  ["/Users/l25-n05917-res/ResearchCode/firmsAgents/lean/AgenticAxtell/Approximation/FiniteDynamics.lean",
   "f5a93f3a0cf47482"],
  ["options", "00000000000006bb"],
  ["isModule: false", "feefd2a0d3a1847e"],
  ["Module.name: AgenticAxtell.Approximation.FiniteDynamics",
   "2eeebf1497a6b07d"],
  ["Package.id?: (some AgenticAxtell)", "62f945e5bb481502"],
  ["Module.leanArgs: #[]", "00000000000006bb"]],
 "depHash": "7eb367cf44f31881"}