{"synthetic": false,
 "schemaVersion": "2025-09-10",
 "outputs":
 {"o": ["b1fc14c9a402c729.olean"],
  "i": "bb31bb90190cc604.ilean",
  "c": "c6eef8ad933f1eed.c"},
 "log":
 [{"message":
   ".> LEAN_PATH=/Users/l25-n05917-res/ResearchCode/firmsAgents/lean/.lake/packages/Cli/.lake/build/lib/lean:/Users/l25-n05917-res/ResearchCode/firmsAgents/lean/.lake/packages/batteries/.lake/build/lib/lean:/Users/l25-n05917-res/ResearchCode/firmsAgents/lean/.lake/packages/Qq/.lake/build/lib/lean:/Users/l25-n05917-res/ResearchCode/firmsAgents/lean/.lake/packages/aesop/.lake/build/lib/lean:/Users/l25-n05917-res/ResearchCode/firmsAgents/lean/.lake/packages/proofwidgets/.lake/build/lib/lean:/Users/l25-n05917-res/ResearchCode/firmsAgents/lean/.lake/packages/importGraph/.lake/build/lib/lean:/Users/l25-n05917-res/ResearchCode/firmsAgents/lean/.lake/packages/LeanSearchClient/.lake/build/lib/lean:/Users/l25-n05917-res/ResearchCode/firmsAgents/lean/.lake/packages/plausible/.lake/build/lib/lean:/Users/l25-n05917-res/ResearchCode/firmsAgents/lean/.lake/packages/Gametheory/.lake/build/lib/lean:/Users/l25-n05917-res/ResearchCode/firmsAgents/lean/.lake/packages/mathlib/.lake/build/lib/lean:/Users/l25-n05917-res/ResearchCode/firmsAgents/lean/.lake/build/lib/lean /Users/l25-n05917-res/.elan/toolchains/leanprover--lean4---v4.29.0/bin/lean /Users/l25-n05917-res/ResearchCode/firmsAgents/lean/AgenticAxtell/Approximation/Stationary.lean -o /Users/l25-n05917-res/ResearchCode/firmsAgents/lean/.lake/build/lib/lean/AgenticAxtell/Approximation/Stationary.olean -i /Users/l25-n05917-res/ResearchCode/firmsAgents/lean/.lake/build/lib/lean/AgenticAxtell/Approximation/Stationary.ilean -c /Users/l25-n05917-res/ResearchCode/firmsAgents/lean/.lake/build/ir/AgenticAxtell/Approximation/Stationary.c --setup /Users/l25-n05917-res/ResearchCode/firmsAgents/lean/.lake/build/ir/AgenticAxtell/Approximation/Stationary.setup.json --json",
   "level": "trace"},
  {"message":
   "AgenticAxtell/Approximation/Stationary.lean:141:9: `ENNReal.toReal_eq_toReal` has been deprecated: Use `ENNReal.toReal_eq_toReal_iff'` instead",
   "level": "warning"},
  {"message":
   "AgenticAxtell/Approximation/Stationary.lean:147:51: This simp argument is unused:\n  finiteKernelMatrix\n\nHint: Omit it from the simp argument list.\n  simp only [ENNReal.toReal_mul, distribution, PMF.ofFintype_apply, weights,\n       ̵ ̵ENNReal.toReal_ofReal (vectorNonnegative _),̵ ̵f̵i̵n̵i̵t̵e̵K̵e̵r̵n̵e̵l̵M̵a̵t̵r̵i̵x̵]\n\nNote: This linter can be disabled with `set_option linter.unusedSimpArgs false`",
   "level": "warning"}],
 "inputs":
 [["AgenticAxtell.Approximation.Stationary:deps",
   [["deps",
     [["AgenticAxtell/AgenticAxtell:extraDep",
       [["@AgenticAxtell:extraDep", "00000000000006bb"]]],
      ["imports",
       [["AgenticAxtell.Approximation.FiniteObservables transitive imports (legacy)",
         "cd684c6395f80400"],
        ["AgenticAxtell.Approximation.FiniteObservables:importAllArts",
         "cfca851751334d12"],
        ["Mathlib.Probability.Moments.Variance transitive imports (legacy)",
         "c17244c095f6dd1a"],
        ["Mathlib.Probability.Moments.Variance:importAllArts",
         "552d7dbc37ea14bf"],
        ["Mathlib.LinearAlgebra.Matrix.Stochastic transitive imports (legacy)",
         "c393e5866f9952ed"],
        ["Mathlib.LinearAlgebra.Matrix.Stochastic:importAllArts",
         "f4660746e943690d"],
        ["Gametheory.Brouwer transitive imports (legacy)", "7808623984d00bcb"],
        ["Gametheory.Brouwer:importAllArts", "6a52656488bda722"]]]]],
    ["libs",
     [["import dynlibs", "00000000000006bb"],
      ["package external libraries", "00000000000006bb"],
      ["module dynlibs", "00000000000006bb"],
      ["module plugins", "00000000000006bb"]]]]],
  ["Lean 4.29.0, commit 98dc76e3c0a9b856c9b98726b713fb04fab16740",
   "60bb08ef22408c8a"],
  ["/Users/l25-n05917-res/ResearchCode/firmsAgents/lean/AgenticAxtell/Approximation/Stationary.lean",
   "ea95a53aacb77524"],
  ["options", "00000000000006bb"],
  ["isModule: false", "feefd2a0d3a1847e"],
  ["Module.name: AgenticAxtell.Approximation.Stationary", "760f8a69e9642f44"],
  ["Package.id?: (some AgenticAxtell)", "62f945e5bb481502"],
  ["Module.leanArgs: #[]", "00000000000006bb"]],
 "depHash": "2ae5ca620164c6b4"}