{"synthetic": false,
 "schemaVersion": "2025-09-10",
 "outputs":
 {"o": ["8b02b323ece85177.olean"],
  "i": "6b4ff4884b7d61c4.ilean",
  "c": "b210c06dcd39c44f.c"},
 "log":
 [{"message":
   ".> LEAN_PATH=/Users/l25-n05917-res/ResearchCode/firmsAgents/lean/.lake/packages/Cli/.lake/build/lib/lean:/Users/l25-n05917-res/ResearchCode/firmsAgents/lean/.lake/packages/batteries/.lake/build/lib/lean:/Users/l25-n05917-res/ResearchCode/firmsAgents/lean/.lake/packages/Qq/.lake/build/lib/lean:/Users/l25-n05917-res/ResearchCode/firmsAgents/lean/.lake/packages/aesop/.lake/build/lib/lean:/Users/l25-n05917-res/ResearchCode/firmsAgents/lean/.lake/packages/proofwidgets/.lake/build/lib/lean:/Users/l25-n05917-res/ResearchCode/firmsAgents/lean/.lake/packages/importGraph/.lake/build/lib/lean:/Users/l25-n05917-res/ResearchCode/firmsAgents/lean/.lake/packages/LeanSearchClient/.lake/build/lib/lean:/Users/l25-n05917-res/ResearchCode/firmsAgents/lean/.lake/packages/plausible/.lake/build/lib/lean:/Users/l25-n05917-res/ResearchCode/firmsAgents/lean/.lake/packages/Gametheory/.lake/build/lib/lean:/Users/l25-n05917-res/ResearchCode/firmsAgents/lean/.lake/packages/mathlib/.lake/build/lib/lean:/Users/l25-n05917-res/ResearchCode/firmsAgents/lean/.lake/build/lib/lean /Users/l25-n05917-res/.elan/toolchains/leanprover--lean4---v4.29.0/bin/lean /Users/l25-n05917-res/ResearchCode/firmsAgents/lean/AgenticAxtell/Baseline/NonlinearProduction.lean -o /Users/l25-n05917-res/ResearchCode/firmsAgents/lean/.lake/build/lib/lean/AgenticAxtell/Baseline/NonlinearProduction.olean -i /Users/l25-n05917-res/ResearchCode/firmsAgents/lean/.lake/build/lib/lean/AgenticAxtell/Baseline/NonlinearProduction.ilean -c /Users/l25-n05917-res/ResearchCode/firmsAgents/lean/.lake/build/ir/AgenticAxtell/Baseline/NonlinearProduction.c --setup /Users/l25-n05917-res/ResearchCode/firmsAgents/lean/.lake/build/ir/AgenticAxtell/Baseline/NonlinearProduction.setup.json --json",
   "level": "trace"},
  {"message":
   "AgenticAxtell/Baseline/NonlinearProduction.lean:77:42: Used `tac1 <;> tac2` where `(tac1; tac2)` would suffice\n\nNote: This linter can be disabled with `set_option linter.unnecessarySeqFocus false`",
   "level": "warning"},
  {"message":
   "AgenticAxtell/Baseline/NonlinearProduction.lean:84:80: Used `tac1 <;> tac2` where `(tac1; tac2)` would suffice\n\nNote: This linter can be disabled with `set_option linter.unnecessarySeqFocus false`",
   "level": "warning"},
  {"message":
   "AgenticAxtell/Baseline/NonlinearProduction.lean:86:61: Used `tac1 <;> tac2` where `(tac1; tac2)` would suffice\n\nNote: This linter can be disabled with `set_option linter.unnecessarySeqFocus false`",
   "level": "warning"}],
 "inputs":
 [["AgenticAxtell.Baseline.NonlinearProduction:deps",
   [["deps",
     [["AgenticAxtell/AgenticAxtell:extraDep",
       [["@AgenticAxtell:extraDep", "00000000000006bb"]]],
      ["imports",
       [["AgenticAxtell.Baseline.Production transitive imports (legacy)",
         "fde1e8af0d0aecc7"],
        ["AgenticAxtell.Baseline.Production:importAllArts",
         "1cb08a2886000023"]]]]],
    ["libs",
     [["import dynlibs", "00000000000006bb"],
      ["package external libraries", "00000000000006bb"],
      ["module dynlibs", "00000000000006bb"],
      ["module plugins", "00000000000006bb"]]]]],
  ["Lean 4.29.0, commit 98dc76e3c0a9b856c9b98726b713fb04fab16740",
   "60bb08ef22408c8a"],
  ["/Users/l25-n05917-res/ResearchCode/firmsAgents/lean/AgenticAxtell/Baseline/NonlinearProduction.lean",
   "9f68f787f9ff4d46"],
  ["options", "00000000000006bb"],
  ["isModule: false", "feefd2a0d3a1847e"],
  ["Module.name: AgenticAxtell.Baseline.NonlinearProduction",
   "7fe6fc5ef8aef57f"],
  ["Package.id?: (some AgenticAxtell)", "62f945e5bb481502"],
  ["Module.leanArgs: #[]", "00000000000006bb"]],
 "depHash": "e7ffc8c39a438c6b"}