{"synthetic": false,
 "schemaVersion": "2025-09-10",
 "outputs":
 {"o": ["3632d743d7c8ab43.olean"],
  "i": "da3d7f880c05cb4d.ilean",
  "c": "bb19bc1f1c3cafdd.c"},
 "log":
 [{"message":
   ".> LEAN_PATH=/Users/l25-n05917-res/ResearchCode/firmsAgents/lean/.lake/packages/Cli/.lake/build/lib/lean:/Users/l25-n05917-res/ResearchCode/firmsAgents/lean/.lake/packages/batteries/.lake/build/lib/lean:/Users/l25-n05917-res/ResearchCode/firmsAgents/lean/.lake/packages/Qq/.lake/build/lib/lean:/Users/l25-n05917-res/ResearchCode/firmsAgents/lean/.lake/packages/aesop/.lake/build/lib/lean:/Users/l25-n05917-res/ResearchCode/firmsAgents/lean/.lake/packages/proofwidgets/.lake/build/lib/lean:/Users/l25-n05917-res/ResearchCode/firmsAgents/lean/.lake/packages/importGraph/.lake/build/lib/lean:/Users/l25-n05917-res/ResearchCode/firmsAgents/lean/.lake/packages/LeanSearchClient/.lake/build/lib/lean:/Users/l25-n05917-res/ResearchCode/firmsAgents/lean/.lake/packages/plausible/.lake/build/lib/lean:/Users/l25-n05917-res/ResearchCode/firmsAgents/lean/.lake/packages/Gametheory/.lake/build/lib/lean:/Users/l25-n05917-res/ResearchCode/firmsAgents/lean/.lake/packages/mathlib/.lake/build/lib/lean:/Users/l25-n05917-res/ResearchCode/firmsAgents/lean/.lake/build/lib/lean /Users/l25-n05917-res/.elan/toolchains/leanprover--lean4---v4.29.0/bin/lean /Users/l25-n05917-res/ResearchCode/firmsAgents/lean/AgenticAxtell.lean -o /Users/l25-n05917-res/ResearchCode/firmsAgents/lean/.lake/build/lib/lean/AgenticAxtell.olean -i /Users/l25-n05917-res/ResearchCode/firmsAgents/lean/.lake/build/lib/lean/AgenticAxtell.ilean -c /Users/l25-n05917-res/ResearchCode/firmsAgents/lean/.lake/build/ir/AgenticAxtell.c --setup /Users/l25-n05917-res/ResearchCode/firmsAgents/lean/.lake/build/ir/AgenticAxtell.setup.json --json",
   "level": "trace"}],
 "inputs":
 [["AgenticAxtell:deps",
   [["deps",
     [["AgenticAxtell/AgenticAxtell:extraDep",
       [["@AgenticAxtell:extraDep", "00000000000006bb"]]],
      ["imports",
       [["AgenticAxtell.SemanticRecovery transitive imports (legacy)",
         "2c5bafd2371ca168"],
        ["AgenticAxtell.SemanticRecovery:importAllArts", "ec32e4c2beb29a37"],
        ["AgenticAxtell.Baseline.FixedGroup transitive imports (legacy)",
         "08949098f1416704"],
        ["AgenticAxtell.Baseline.FixedGroup:importAllArts", "7497eb9b62d055e3"],
        ["AgenticAxtell.Baseline.LinearBestResponse transitive imports (legacy)",
         "56e0221fc38ee78e"],
        ["AgenticAxtell.Baseline.LinearBestResponse:importAllArts",
         "1d345247af19c298"],
        ["AgenticAxtell.Baseline.LinearStability transitive imports (legacy)",
         "1467168a0da14ec4"],
        ["AgenticAxtell.Baseline.LinearStability:importAllArts",
         "5aeb97e89aaf08ee"],
        ["AgenticAxtell.Baseline.NonlinearProduction transitive imports (legacy)",
         "db89f4aab4fb81e8"],
        ["AgenticAxtell.Baseline.NonlinearProduction:importAllArts",
         "4daab7607d0d2c11"],
        ["AgenticAxtell.Baseline.NonlinearBestResponse transitive imports (legacy)",
         "132ee5af92eb15a6"],
        ["AgenticAxtell.Baseline.NonlinearBestResponse:importAllArts",
         "f03eebded3627195"],
        ["AgenticAxtell.Baseline.NonlinearFixedGroup transitive imports (legacy)",
         "2e57ee325612c738"],
        ["AgenticAxtell.Baseline.NonlinearFixedGroup:importAllArts",
         "5b77e021c55fd1cd"],
        ["AgenticAxtell.Approximation.EffortGrid transitive imports (legacy)",
         "08bd5ec9feb5c5d7"],
        ["AgenticAxtell.Approximation.EffortGrid:importAllArts",
         "06a67e9fac3ed29b"],
        ["AgenticAxtell.Approximation.FiniteState transitive imports (legacy)",
         "e604f5556b93ab4b"],
        ["AgenticAxtell.Approximation.FiniteState:importAllArts",
         "b8409280430b613b"],
        ["AgenticAxtell.Approximation.FiniteTransition transitive imports (legacy)",
         "5777484f06eb154d"],
        ["AgenticAxtell.Approximation.FiniteTransition:importAllArts",
         "33c403e49c95bd52"]]]]],
    ["libs",
     [["import dynlibs", "00000000000006bb"],
      ["package external libraries", "00000000000006bb"],
      ["module dynlibs", "00000000000006bb"],
      ["module plugins", "00000000000006bb"]]]]],
  ["Lean 4.29.0, commit 98dc76e3c0a9b856c9b98726b713fb04fab16740",
   "60bb08ef22408c8a"],
  ["/Users/l25-n05917-res/ResearchCode/firmsAgents/lean/AgenticAxtell.lean",
   "51fccabe6e13a7e6"],
  ["options", "00000000000006bb"],
  ["isModule: false", "feefd2a0d3a1847e"],
  ["Module.name: AgenticAxtell", "d007337ff90d7083"],
  ["Package.id?: (some AgenticAxtell)", "62f945e5bb481502"],
  ["Module.leanArgs: #[]", "00000000000006bb"]],
 "depHash": "16ff9dcae750494c"}